https://easylist-downloads.adblockplus.org/easylist.txt
https://easylist-downloads.adblockplus.org/easylistczechslovak+easylist.txt
https://raw.github.com/tomasko126/easylistczechandslovak/master/filters.txt
https://easylist-downloads.adblockplus.org/easyprivacy+easylist.txt
https://easylist-downloads.adblockplus.org/easyprivacy.txt
https://raw.githubusercontent.com/szpeter80/hufilter/master/hufilter.txt
http://pgl.yoyo.org/adservers/serverlist.php?hostformat
https://easylist-downloads.adblockplus.org/antiadblockfilters.txt
https://easylist-downloads.adblockplus.org/fanboy-annoyance.txt
https://easylist-downloads.adblockplus.org/fanboy-social.txt
http://www.kiboke-studio.hr/i-dont-care-about-cookies/abp/
https://easylist-downloads.adblockplus.org/malwaredomains_full.txt
https://raw.github.com/liamja/Prebake/master/obtrusive.txt
https://raw.githubusercontent.com/Dawsey21/Lists/master/adblock-list.txt
https://raw.githubusercontent.com/DataMaster-2501/DataMaster-Android-AdBlock-Hosts/master/hosts
https://raw.githubusercontent.com/tomasko126/easylistczechandslovak/master/filters.txt
https://abpvn.com/android/abpvn.txt
https://filters.adtidy.org/android/filters/11.txt
https://raw.githubusercontent.com/eEIi0A5L/adblock_filter/master/youtube_wo_tonikaku_filter.txt
https://raw.githubusercontent.com/jerryn70/GoodbyeAds/master/Formats/GoodbyeAds-Ultra-AdBlock-Filter.txt
https://raw.githubusercontent.com/hl2guide/Filterlist-for-AdGuard/master/filter_blocklist.txt
https://easylist-downloads.adblockplus.org/yt_annoyances_full.txt
